// Jest Snapshot v1, https://goo.gl/fbAQLP

exports[`rust-native-wasm-loader loads a wasm-bindgen project: errors 1`] = `Array []`;

exports[`rust-native-wasm-loader loads a wasm-bindgen project: warnings 1`] = `Array []`;
